#-----------------------------------------------------------
# Webtalk v2020.2 (64-bit)
# SW Build 3064766 on Wed Nov 18 09:12:45 MST 2020
# IP Build 3064653 on Wed Nov 18 14:17:31 MST 2020
# Start of session at: Fri Dec  1 18:11:51 2023
# Process ID: 14388
# Current directory: C:/Users/User/Documents/Advanced Hardware Design/riscv-32i-fpga/copy_of_project/copy_of_project.sim/sim_1/behav/xsim
# Command line: wbtcv.exe -mode batch -source C:/Users/User/Documents/Advanced Hardware Design/riscv-32i-fpga/copy_of_project/copy_of_project.sim/sim_1/behav/xsim/xsim.dir/tb_control_unit_behav/webtalk/xsim_webtalk.tcl -notrace
# Log file: C:/Users/User/Documents/Advanced Hardware Design/riscv-32i-fpga/copy_of_project/copy_of_project.sim/sim_1/behav/xsim/webtalk.log
# Journal file: C:/Users/User/Documents/Advanced Hardware Design/riscv-32i-fpga/copy_of_project/copy_of_project.sim/sim_1/behav/xsim\webtalk.jou
#-----------------------------------------------------------
source C:/Users/User/Documents/Advanced -notrace
